# Educational packages
gperiodic gtypist tuxtype
mnemosyne


# Entertainment packages
chocolate-doom
dosbox stella zsnes
gnome-games gnome-sudoku gnuchess
# joy2key joystick inputattach
openttd openttd-opengfx openttd-openmsx openttd-opensfx timidity
visualboyadvance  # ubuntu
visualboyadvance-gtk  # debian?


# Multimedia packages
geeqie exiftool ristretto  # exiftool for cropping images from within geeqie
mp3splt
mpv parole smplayer


# Networking packages
blueman bluez
gigolo  # remote filesystem management
# mobile-broadband-provider-info modemmanager usb-modeswitch  # mobile modem


# Ops packages
stacer  # system monitoring; Ubuntu 20.04+, before it was under the 'oguzhaninan/stacer' PPA


# Productivity packages
atril
# audacious audacious-plugins
flameshot  # take screenshots, annotate etc.
galculator
gnome-shell-pomodoro
guake  # quake style terminal emulator
# libreoffice-calc
meld  # diff / comparison


# Security packages
seahorse


# System packages
# gnome-alsamixer pulseaudio-equalizer pavucontrol volumeicon-alsa
# ntfs-3g


# Miscellaneous packages
# asunder  # CD ripper
autorenamer
# bum
dconf-editor
qdirstat  # Ubuntu 20.04+, before it was under the 'nathan-renniewaldock/qdirstat' PPA
slop  # GUI region selection, used by other apps such as screenkey
# xbacklight
xclip
xdotool wmctrl  # deps for macro scripts in general and also for jc00ke/move-to-next-monitor
xscreensaver xscreensaver-data-extra xscreensaver-gl xscreensaver-gl-extra
