# Base
dconf-editor


# Comm
telegram-desktop


# Devel
bless
sqlitebrowser


# Educational packages
# gperiodic gtypist tuxtype  # TODO find in arch
# mnemosyne  # TODO find in arch


# Entertainment packages
# chocolate-doom  # TODO find in arch
dosbox stella zsnes
gnome-games gnome-sudoku gnuchess
joyutils linuxconsole
openttd openttd-opengfx openttd-opensfx timidity++
vbam-sdl vbam-wx  # visualboyadvance emulator


# Multimedia packages
geeqie perl-image-exiftool ristretto  # image viewers; exiftool needed by geeqie image cropping
# gwenview  # image viewer; KDE libs needed
mp3splt mp3splt-gtk  # split mp3 and ogg audio files
mpv parole smplayer


# Networking packages
blueman bluez
gigolo  # remote filesystem management, TODO find in arch
gufw
# mobile-broadband-provider-info modemmanager usb-modeswitch  # mobile modem  # ubuntu(?), old(?)


# Productivity packages
atril
audacious audacious-plugins playerctl
flameshot  # take screenshots, annotate etc.
galculator
# gnome-shell-pomodoro  # TODO find in arch
guake  # quake style terminal emulator
libreoffice-fresh
meld  # diff / comparison


# Security packages
gpa  # GUI for GnuPG
keepassxc  # password / secrets management; encrypted; browser-integration
seahorse
xca  # GUI for certs (certificates), public keys, openssl etc.


# Storage
gprename  # 'krename' does need kde libs?
grsync
grub-customizer
veracrypt  # truecrypt alternative


# System packages
# gnome-alsamixer pulseaudio-equalizer pavucontrol volumeicon-alsa  # ubuntu(?), old(?)
ntfs-3g


# Miscellaneous packages
asunder  # CD ripper
slop  # GUI region selection, used by other apps such as screenkey
xclip xsel
xdotool wmctrl  # deps for macro scripts in general and also for jc00ke/move-to-next-monitor
# xscreensaver  # TODO get a better one, for arch
